[1/30] LineId=1 querying: No Rakefile found (looking for: rakefile, Rakefile, rakefile.rb, Rakefile.rb)
/h...
[1/30] LineId=1 success, results=6
[2/30] LineId=2 querying: No Rakefile found (looking for: rakefile, Rakefile, rakefile.rb, Rakefile.rb)
/h...
[2/30] LineId=2 failed: SerpAPI request failed: Google hasn't returned any results for this query.
[3/30] LineId=3 querying: + ERROR! openface/celeb-classifier.nn4.small2.v1.pkl md5sum did not match.
  + E...
[3/30] LineId=3 success, results=4
[4/30] LineId=4 querying: Installation failed.
See ‘/home/travis/build/twitter/AnomalyDetection/AnomalyDet...
[4/30] LineId=4 success, results=6
[5/30] LineId=5 querying: cabal.exe: Couldn't establish HTTP connection. Possible cause: HTTP proxy

serve...
[5/30] LineId=5 success, results=10
[6/30] LineId=6 querying: container_linux.go:265: starting container process caused "exec: \"-c\": executa...
[6/30] LineId=6 success, results=10
[7/30] LineId=7 querying: +docker build -t :current .
invalid argument ":current" for t: invalid reference...
[7/30] LineId=7 failed: SerpAPI request failed: Google hasn't returned any results for this query.
[8/30] LineId=8 querying: Module Failed: date-time-input-range
Test Failed: prevents toDate to be before f...
[8/30] LineId=8 success, results=10
[9/30] LineId=9 querying: 001+ ** ERROR: process timed out **

001- OK.
========DONE========
FAIL Bug #601...
[9/30] LineId=9 success, results=6
[10/30] LineId=10 querying: Extensions/CollectionExtensions.cs(20,40): error CS0103: The name 'key' does not...
[10/30] LineId=10 success, results=10
[11/30] LineId=11 querying: diff --git a/src/wallet/rpcwallet.cpp b/src/wallet/rpcwallet.cpp
@@ -3338,4 +334...
[11/30] LineId=11 failed: SerpAPI request failed: Google hasn't returned any results for this query.
[12/30] LineId=12 querying: 1) AtomApplication command-line interface behavior atom:// URLs with a "core" ho...
[12/30] LineId=12 success, results=1
[13/30] LineId=13 querying: ** (Mix) mix format failed due to --check-formatted.
The following files were no...
[13/30] LineId=13 success, results=10
[14/30] LineId=14 querying: suite:send_recv failed on line 593
Reason: timetrap_timeout
[14/30] LineId=14 success, results=9
[15/30] LineId=15 querying: src/github.com/getlantern/appdir/appdir_test.go:4: log redeclared as imported pa...
[15/30] LineId=15 success, results=1
[16/30] LineId=16 querying: normalize.css[24m[22m
[1m429[22m[1m:1[22m	Unexpected missing newline at end of f...
[16/30] LineId=16 success, results=9
[17/30] LineId=17 querying: io.reactivex.internal.operators.observable.ObservableRefCountTest > publishNoLea...
[17/30] LineId=17 success, results=7
[18/30] LineId=18 querying: 1) Check challenges
       Check challenges (english)
         Add a Text Altern...
[18/30] LineId=18 failed: SerpAPI request failed: Google hasn't returned any results for this query.
[19/30] LineId=19 querying: current-buffer: README.orgphoenix>2>
current-file: /tmp/docs/layers/+frameworks/...
[19/30] LineId=19 success, results=1
[20/30] LineId=20 querying: /Users/travis/build/realm/realm-cocoa/RealmSwift/Object+Combine.swift:88:42: war...
[20/30] LineId=20 failed: SerpAPI request failed: Google hasn't returned any results for this query.
[21/30] LineId=21 querying: Line   src/Composer/Installer.php                                    
 ------ --...
[21/30] LineId=21 success, results=8
[22/30] LineId=22 querying: standard: Use JavaScript Standard Style (https://github.com/feross/standard) 
  ...
[22/30] LineId=22 failed: SerpAPI request failed: Google hasn't returned any results for this query.
[23/30] LineId=23 querying: ./thefuck/rules/terraform_init.py:8:9: E128 continuation line under-indented for...
[23/30] LineId=23 failed: SerpAPI request failed: Google hasn't returned any results for this query.
[24/30] LineId=24 querying: fusermount: bad mount point build/filesystem/: No such file or directory
rm -rf ...
[24/30] LineId=24 success, results=2
[25/30] LineId=25 querying: [info] - Single client and rejecting server results in both sides TLS connection...
[25/30] LineId=25 success, results=10
[26/30] LineId=26 querying: [0K$ ./check_integrity.sh $(find bin | cut -b 5- | xargs)
Skip command rscp
Run ...
[26/30] LineId=26 failed: SerpAPI request failed: Google hasn't returned any results for this query.
[27/30] LineId=27 querying: xcodebuild: error: Unable to find a destination matching the provided destinatio...
[27/30] LineId=27 success, results=10
[28/30] LineId=28 querying: rake aborted!
No Rakefile found (looking for: rakefile, Rakefile, rakefile.rb, R...
[28/30] LineId=28 success, results=10
[29/30] LineId=29 querying: Error: Process exited with code: 2
    at ChildProcess.anonymous> (/home/travis/...
[29/30] LineId=29 failed: SerpAPI request failed: Google hasn't returned any results for this query.
[30/30] LineId=30 querying: /home/travis/build/purescript/purescript/sdist-test/[;1msrc/Language/PureScript/...
[30/30] LineId=30 failed: SerpAPI request failed: Google hasn't returned any results for this query.
Batch results saved to: RQ1/search_results/google/Travis_CI_chunks
Summary: rows=30, attempted=30, successes=20, zero_result_successes=0, failures=10, skipped=0
